// Jest Snapshot v1, https://goo.gl/fbAQLP

exports[`example with $ref 1`] = `
"/**
 * @schema Person
 */
export interface Person {
    /**
     * The person's name
     *
     * @schema Person#name
     */
    readonly name: Name;

    /**
     * Favorite color. Default is green
     *
     * @default green
     * @schema Person#color
     */
    readonly color?: any;

}

/**
 * Represents a name of a person
 *
 * @schema Name
 */
export interface Name {
    /**
     * The first name of the person
     *
     * @schema Name#firstName
     */
    readonly firstName: string;

    /**
     * The last name of the person
     *
     * @schema Name#lastName
     */
    readonly lastName: string;

}

"
`;
